1 4f33de42-4a82-4952-afe8-4b19c74d71919345431966518238984_entity.state 4f33de42-4a82-4952-afe8-4b19c74d719111253153154843777754_service.state